[backblue.gif]
[fade.gif]
[index.html]
[www-inst.eecs.berkeley.edu/_cs294-59/fa10/resources/index.html]
[www-inst.eecs.berkeley.edu/icons/blank.gif]
[www-inst.eecs.berkeley.edu/icons/back.gif]
[www-inst.eecs.berkeley.edu/icons/folder.gif]
[www-inst.eecs.berkeley.edu/_cs294-59/fa10/resources/indexc052.html]
[www-inst.eecs.berkeley.edu/icons/layout.gif]
[www-inst.eecs.berkeley.edu/_cs294-59/fa10/resources/Mingjie3D.pdf]
[www-inst.eecs.berkeley.edu/_cs294-59/fa10/resources/OFC-2010-56Gss-ADC-Enabling-100GbE.pdf]
[www-inst.eecs.berkeley.edu/icons/text.gif]
[www-inst.eecs.berkeley.edu/_cs294-59/fa10/resources/indexf8a0.html]
[www-inst.eecs.berkeley.edu/_cs294-59/fa10/resources/kuon-book.pdf]
[www-inst.eecs.berkeley.edu/_cs294-59/fa10/resources/xilinx-chiplets.pdf]
[www-inst.eecs.berkeley.edu/_cs294-59/fa10/resources/indexbfec.html]
[www-inst.eecs.berkeley.edu/_cs294-59/fa10/resources/index30b5.html]
[www-inst.eecs.berkeley.edu/_cs294-59/fa10/resources/Altera-history/index.html]
[www-inst.eecs.berkeley.edu/_cs294-59/fa10/resources/Patents/index.html]
[www-inst.eecs.berkeley.edu/_cs294-59/fa10/resources/Altera-history/altera_ep300.pdf]
[www-inst.eecs.berkeley.edu/_cs294-59/fa10/resources/Altera-history/apex.pdf]
[www-inst.eecs.berkeley.edu/_cs294-59/fa10/resources/Altera-history/cyclone-lc-hp-fpga-423.pdf]
[www-inst.eecs.berkeley.edu/_cs294-59/fa10/resources/Altera-history/ds_arm.pdf]
[www-inst.eecs.berkeley.edu/_cs294-59/fa10/resources/Altera-history/dsf6k.pdf]
[www-inst.eecs.berkeley.edu/_cs294-59/fa10/resources/Altera-history/dsf8k.pdf]
[www-inst.eecs.berkeley.edu/_cs294-59/fa10/resources/Altera-history/dsf10k.pdf]
[www-inst.eecs.berkeley.edu/_cs294-59/fa10/resources/Altera-history/dsmercury.pdf]
[www-inst.eecs.berkeley.edu/_cs294-59/fa10/resources/Altera-history/m5000.pdf]
[www-inst.eecs.berkeley.edu/_cs294-59/fa10/resources/Altera-history/m9000.pdf]
[www-inst.eecs.berkeley.edu/_cs294-59/fa10/resources/Xilinx-history/jbits.3d.delayed]
[www-inst.eecs.berkeley.edu/_cs294-59/fa10/resources/Xilinx-history/3000.pdf]
[www-inst.eecs.berkeley.edu/_cs294-59/fa10/resources/Xilinx-history/5200.pdf]
[www-inst.eecs.berkeley.edu/_cs294-59/fa10/resources/Xilinx-history/m4ad.pdf]
[www-inst.eecs.berkeley.edu/_cs294-59/fa10/resources/Xilinx-history/Xcell3.pdf]
[www-inst.eecs.berkeley.edu/_cs294-59/fa10/resources/Xilinx-history/Xcell8.pdf]
[www-inst.eecs.berkeley.edu/_cs294-59/fa10/resources/Xilinx-history/xc2000.pdf]
[www-inst.eecs.berkeley.edu/_cs294-59/fa10/resources/Xilinx-history/Xcell10.pdf]
[www-inst.eecs.berkeley.edu/_cs294-59/fa10/resources/Xilinx-history/Xcell13.pdf]
[www-inst.eecs.berkeley.edu/_cs294-59/fa10/resources/Xilinx-history/xc3000.41.delayed]
[www-inst.eecs.berkeley.edu/_cs294-59/fa10/resources/Xilinx-history/Xcell18.pdf]
[www-inst.eecs.berkeley.edu/_cs294-59/fa10/resources/Xilinx-history/Xcell15.pdf]
[www-inst.eecs.berkeley.edu/_cs294-59/fa10/resources/Xilinx-history/xc4004.pdf]
[www-inst.eecs.berkeley.edu/_cs294-59/fa10/resources/Xilinx-history/xc8100fpga_family.pdf]
[www-inst.eecs.berkeley.edu/_cs294-59/fa10/resources/Xilinx-history/xcell27.pdf]
[www-inst.eecs.berkeley.edu/_cs294-59/fa10/resources/Xilinx-history/xcell28.pdf]
[www-inst.eecs.berkeley.edu/_cs294-59/fa10/resources/Xilinx-history/xcell31.pdf]
[www-inst.eecs.berkeley.edu/_cs294-59/fa10/resources/Xilinx-history/xcell34.pdf]
[www-inst.eecs.berkeley.edu/_cs294-59/fa10/resources/Xilinx-history/xcell40.pdf]
[www-inst.eecs.berkeley.edu/_cs294-59/fa10/resources/Xilinx-history/xcell45.pdf]
[www-inst.eecs.berkeley.edu/_cs294-59/fa10/resources/Xilinx-history/xcell46.pdf]
[www-inst.eecs.berkeley.edu/_cs294-59/fa10/resources/Xilinx-history/xcell51.pdf]
[www-inst.eecs.berkeley.edu/_cs294-59/fa10/resources/Xilinx-history/xcell52.pdf]
[www-inst.eecs.berkeley.edu/_cs294-59/fa10/resources/Xilinx-history/xcell53.pdf]
[www-inst.eecs.berkeley.edu/_cs294-59/fa10/resources/Xilinx-history/xcell59.pdf]
[www-inst.eecs.berkeley.edu/_cs294-59/fa10/resources/Xilinx-history/xcell64.pdf]
[www-inst.eecs.berkeley.edu/_cs294-59/fa10/resources/Xilinx-history/xcell68.pdf]
[www-inst.eecs.berkeley.edu/_cs294-59/fa10/resources/Xilinx-history/xcell71.pdf]
[www-inst.eecs.berkeley.edu/_cs294-59/fa10/resources/Xilinx-history/xcell72.pdf]
[www-inst.eecs.berkeley.edu/_cs294-59/fa10/resources/Xilinx-history/xilinx_parts.txt]
[www-inst.eecs.berkeley.edu/_cs294-59/fa10/resources/Xilinx-history/index.html]
[www-inst.eecs.berkeley.edu/_cs294-59/fa10/resources/achronix/Speedster_Datasheet_DS001.pdf]
[www-inst.eecs.berkeley.edu/_cs294-59/fa10/resources/achronix/Speedster_Product_Brief_PB001.pdf]
[www-inst.eecs.berkeley.edu/_cs294-59/fa10/resources/achronix/index.html]
[www-inst.eecs.berkeley.edu/_cs294-59/fa10/resources/achronix/rc_overview.pdf]
[www.epfl.ch/labs/lap/webdav/site/lap/shared/publications/CevreroAug09_Using3DIntegrationTechnologyToRealizeMultiContextFpgas_FPL09.5e.delayed]
[www-inst.eecs.berkeley.edu/_cs294-59/fa10/resources/alternative.html]
[www.ee.uidaho.edu/ee/analog/suatay/papers/OC2000 Manuscript_final_suatay.pdf]
[www-inst.eecs.berkeley.edu/_cs294-59/fa10/resources/sasics.html]
[www-inst.eecs.berkeley.edu/_cs294-59/fa10/resources/startups.html]
[www.gsaglobal.org/gsa/email/images/logo_general.67.delayed]
[www-inst.eecs.berkeley.edu/_cs294-59/fa10/resources/wafer-price.html]
[www-inst.eecs.berkeley.edu/_cs294-59/fa10/resources/indexb70a.html]
[www-inst.eecs.berkeley.edu/_cs294-59/fa10/resources/index72c9.html]
[www-inst.eecs.berkeley.edu/_cs294-59/fa10/resources/index5851.html]
[www-inst.eecs.berkeley.edu/_cs294-59/fa10/resources/indexad3f.html]
[www-inst.eecs.berkeley.edu/_cs294-59/fa10/resources/Altera-history/indexc052.html]
[www-inst.eecs.berkeley.edu/_cs294-59/fa10/resources/Altera-history/indexf8a0.html]
[www-inst.eecs.berkeley.edu/_cs294-59/fa10/resources/Altera-history/indexbfec.html]
[www-inst.eecs.berkeley.edu/_cs294-59/fa10/resources/Altera-history/index30b5.html]
[www-inst.eecs.berkeley.edu/_cs294-59/fa10/resources/Altera-history/Altera-history.html]
[www-inst.eecs.berkeley.edu/_cs294-59/fa10/resources/Altera-history/protected/index.html]
[www-inst.eecs.berkeley.edu/_cs294-59/fa10/resources/Patents/indexc052.html]
[www-inst.eecs.berkeley.edu/_cs294-59/fa10/resources/Patents/indexf8a0.html]
[www-inst.eecs.berkeley.edu/_cs294-59/fa10/resources/Patents/indexbfec.html]
[www-inst.eecs.berkeley.edu/_cs294-59/fa10/resources/Patents/index30b5.html]
[www-inst.eecs.berkeley.edu/_cs294-59/fa10/resources/Patents/other-patents.html]
[www-inst.eecs.berkeley.edu/_cs294-59/fa10/resources/Patents/xilinx-patents.html]
[www-inst.eecs.berkeley.edu/_cs294-59/fa10/resources/Xilinx-history/indexc052.html]
[www-inst.eecs.berkeley.edu/_cs294-59/fa10/resources/Xilinx-history/indexf8a0.html]
[www-inst.eecs.berkeley.edu/_cs294-59/fa10/resources/Xilinx-history/indexbfec.html]
[www-inst.eecs.berkeley.edu/_cs294-59/fa10/resources/Xilinx-history/index30b5.html]
[www-inst.eecs.berkeley.edu/_cs294-59/fa10/resources/Xilinx-history/xcell28.pdf]
[hotchips.org/archives/hc21/3_tues/HC21.25.700.FPGAs-Epub/HC21.25.7300.Alfke-Xilinx-Virtex6-Spartan6.9f.delayed]
[www.xilinx.com/publications/archives/xcell/Xcell72.pdf]
[www-inst.eecs.berkeley.edu/_cs294-59/fa10/resources/Xilinx-history/Xilinx-history.html]
[www-inst.eecs.berkeley.edu/_cs294-59/fa10/resources/Xilinx-history/m4ad.html]
[www-inst.eecs.berkeley.edu/_cs294-59/fa10/resources/Xilinx-history/xc2000.html]
[www-inst.eecs.berkeley.edu/_cs294-59/fa10/resources/Xilinx-history/xcell45.html]
[www-inst.eecs.berkeley.edu/_cs294-59/fa10/resources/Xilinx-history/xc4004.html]
[www-inst.eecs.berkeley.edu/_cs294-59/fa10/resources/Xilinx-history/xc8100fpga_family.html]
[www-inst.eecs.berkeley.edu/_cs294-59/fa10/resources/Xilinx-history/xcell28.html]
[www-inst.eecs.berkeley.edu/_cs294-59/fa10/resources/achronix/indexc052.html]
[www-inst.eecs.berkeley.edu/_cs294-59/fa10/resources/achronix/indexf8a0.html]
[www-inst.eecs.berkeley.edu/_cs294-59/fa10/resources/achronix/indexbfec.html]
[www-inst.eecs.berkeley.edu/_cs294-59/fa10/resources/achronix/index30b5.html]
[www-inst.eecs.berkeley.edu/_cs294-59/fa10/resources/achronix/achronix-info.html]
[www-inst.eecs.berkeley.edu/_cs294-59/fa10/resources/Altera-history/indexb70a.html]
[www-inst.eecs.berkeley.edu/_cs294-59/fa10/resources/Altera-history/index72c9.html]
[www-inst.eecs.berkeley.edu/_cs294-59/fa10/resources/Altera-history/index5851.html]
[www-inst.eecs.berkeley.edu/_cs294-59/fa10/resources/Altera-history/indexad3f.html]
[www-inst.eecs.berkeley.edu/_cs294-59/fa10/resources/achronix/Speedster_Datasheet_DS001.html]
[www-inst.eecs.berkeley.edu/_cs294-59/fa10/resources/Altera-history/protected/indexc052.html]
[www-inst.eecs.berkeley.edu/_cs294-59/fa10/resources/Altera-history/protected/indexf8a0.html]
[www-inst.eecs.berkeley.edu/_cs294-59/fa10/resources/Altera-history/protected/indexbfec.html]
[www-inst.eecs.berkeley.edu/_cs294-59/fa10/resources/Altera-history/protected/index30b5.html]
[www-inst.eecs.berkeley.edu/_cs294-59/fa10/resources/Patents/indexb70a.html]
[www-inst.eecs.berkeley.edu/_cs294-59/fa10/resources/Patents/index72c9.html]
[www-inst.eecs.berkeley.edu/_cs294-59/fa10/resources/Patents/index5851.html]
[www-inst.eecs.berkeley.edu/_cs294-59/fa10/resources/Patents/indexad3f.html]
[www-inst.eecs.berkeley.edu/_cs294-59/fa10/resources/Xilinx-history/indexb70a.html]
[www-inst.eecs.berkeley.edu/_cs294-59/fa10/resources/Xilinx-history/index72c9.html]
[www-inst.eecs.berkeley.edu/_cs294-59/fa10/resources/Xilinx-history/index5851.html]
[www-inst.eecs.berkeley.edu/_cs294-59/fa10/resources/Xilinx-history/indexad3f.html]
[www-inst.eecs.berkeley.edu/_cs294-59/fa10/resources/achronix/indexb70a.html]
[www-inst.eecs.berkeley.edu/_cs294-59/fa10/resources/achronix/index72c9.html]
[www-inst.eecs.berkeley.edu/_cs294-59/fa10/resources/achronix/index5851.html]
[www-inst.eecs.berkeley.edu/_cs294-59/fa10/resources/achronix/indexad3f.html]
[www-inst.eecs.berkeley.edu/_cs294-59/fa10/resources/Altera-history/protected/indexb70a.html]
[www-inst.eecs.berkeley.edu/_cs294-59/fa10/resources/Altera-history/protected/index72c9.html]
[www-inst.eecs.berkeley.edu/_cs294-59/fa10/resources/Altera-history/protected/index5851.html]
[www-inst.eecs.berkeley.edu/_cs294-59/fa10/resources/Altera-history/protected/indexad3f.html]
